Command line invocation:
    /Applications/Xcode.app/Contents/Developer/usr/bin/xcodebuild -project SwiftMiner.xcodeproj -scheme SwiftMiner -configuration Debug build

Resolve Package Graph


Resolved source packages:
  swift-async-algorithms: https://github.com/apple/swift-async-algorithms @ 1.1.3
  swift-collections: https://github.com/apple/swift-collections.git @ 1.4.1
  Sparkle: https://github.com/sparkle-project/Sparkle @ 2.9.0

--- xcodebuild: WARNING: Using the first of multiple matching destinations:
{ platform:macOS, arch:arm64, id:00008132-000271821EF0801C, name:My Mac }
{ platform:macOS, arch:x86_64, id:00008132-000271821EF0801C, name:My Mac }
{ platform:macOS, name:Any Mac }
ComputePackagePrebuildTargetDependencyGraph

Prepare packages

CreateBuildRequest

SendProjectDescription

CreateBuildOperation

ComputeTargetDependencyGraph
note: Building targets in dependency order
note: Target dependency graph (12 targets)
    Target 'SwiftMiner' in project 'SwiftMiner'
        ➜ Explicit dependency on target 'SwiftMinerCore' in project 'SwiftMiner'
        ➜ Explicit dependency on target 'SwiftMinerService' in project 'SwiftMiner'
        ➜ Explicit dependency on target 'Sparkle' in project 'Sparkle'
        ➜ Explicit dependency on target 'AsyncAlgorithms' in project 'swift-async-algorithms'
    Target 'AsyncAlgorithms' in project 'swift-async-algorithms'
        ➜ Explicit dependency on target 'AsyncAlgorithms' in project 'swift-async-algorithms'
        ➜ Explicit dependency on target 'OrderedCollections' in project 'swift-collections'
        ➜ Explicit dependency on target 'DequeModule' in project 'swift-collections'
    Target 'AsyncAlgorithms' in project 'swift-async-algorithms'
        ➜ Explicit dependency on target 'OrderedCollections' in project 'swift-collections'
        ➜ Explicit dependency on target 'DequeModule' in project 'swift-collections'
    Target 'DequeModule' in project 'swift-collections'
        ➜ Explicit dependency on target 'DequeModule' in project 'swift-collections'
        ➜ Explicit dependency on target 'InternalCollectionsUtilities' in project 'swift-collections'
        ➜ Explicit dependency on target 'ContainersPreview' in project 'swift-collections'
    Target 'DequeModule' in project 'swift-collections'
        ➜ Explicit dependency on target 'InternalCollectionsUtilities' in project 'swift-collections'
        ➜ Explicit dependency on target 'ContainersPreview' in project 'swift-collections'
    Target 'ContainersPreview' in project 'swift-collections'
        ➜ Explicit dependency on target 'InternalCollectionsUtilities' in project 'swift-collections'
    Target 'OrderedCollections' in project 'swift-collections'
        ➜ Explicit dependency on target 'OrderedCollections' in project 'swift-collections'
        ➜ Explicit dependency on target 'InternalCollectionsUtilities' in project 'swift-collections'
    Target 'OrderedCollections' in project 'swift-collections'
        ➜ Explicit dependency on target 'InternalCollectionsUtilities' in project 'swift-collections'
    Target 'InternalCollectionsUtilities' in project 'swift-collections' (no dependencies)
    Target 'Sparkle' in project 'Sparkle' (no dependencies)
    Target 'SwiftMinerService' in project 'SwiftMiner'
        ➜ Explicit dependency on target 'SwiftMinerCore' in project 'SwiftMiner'
    Target 'SwiftMinerCore' in project 'SwiftMiner' (no dependencies)

GatherProvisioningInputs

CreateBuildDescription

ExecuteExternalTool /Applications/Xcode.app/Contents/Developer/Toolchains/XcodeDefault.xctoolchain/usr/bin/clang -v -E -dM -isysroot /Applications/Xcode.app/Contents/Developer/Platforms/MacOSX.platform/Developer/SDKs/MacOSX26.5.sdk -x c -c /dev/null

ExecuteExternalTool /Applications/Xcode.app/Contents/Developer/Toolchains/XcodeDefault.xctoolchain/usr/bin/swiftc --version

ExecuteExternalTool /Applications/Xcode.app/Contents/Developer/usr/bin/actool --version --output-format xml1

ExecuteExternalTool /Applications/Xcode.app/Contents/Developer/Toolchains/XcodeDefault.xctoolchain/usr/bin/libtool -V

ExecuteExternalTool /Applications/Xcode.app/Contents/Developer/Toolchains/XcodeDefault.xctoolchain/usr/bin/ld -version_details

ReadFileContents /Applications/Xcode.app/Contents/Developer/Toolchains/XcodeDefault.xctoolchain/usr/share/docc/features.json

Build description signature: 0a63d35ef87bf2e1f066b74f340d80c9
Build description path: /Users/john/Library/Developer/Xcode/DerivedData/SwiftMiner-dlmelabdnmmurwbsnzolzjcwylqo/Build/Intermediates.noindex/XCBuildData/0a63d35ef87bf2e1f066b74f340d80c9.xcbuilddata
ClangStatCache /Applications/Xcode.app/Contents/Developer/Toolchains/XcodeDefault.xctoolchain/usr/bin/clang-stat-cache /Applications/Xcode.app/Contents/Developer/Platforms/MacOSX.platform/Developer/SDKs/MacOSX26.5.sdk /Users/john/Library/Developer/Xcode/DerivedData/SDKStatCaches.noindex/macosx26.5-25F70-e082c4a02f00227109f4ed75e425c832.sdkstatcache
    cd /Users/john/Documents/GitHub/SwiftMiner/SwiftMiner.xcodeproj
    /Applications/Xcode.app/Contents/Developer/Toolchains/XcodeDefault.xctoolchain/usr/bin/clang-stat-cache /Applications/Xcode.app/Contents/Developer/Platforms/MacOSX.platform/Developer/SDKs/MacOSX26.5.sdk -o /Users/john/Library/Developer/Xcode/DerivedData/SDKStatCaches.noindex/macosx26.5-25F70-e082c4a02f00227109f4ed75e425c832.sdkstatcache

note: Disabling hardened runtime with ad-hoc codesigning. (in target 'SwiftMiner' from project 'SwiftMiner')
SwiftDriver SwiftMiner normal arm64 com.apple.xcode.tools.swift.compiler (in target 'SwiftMiner' from project 'SwiftMiner')
    cd /Users/john/Documents/GitHub/SwiftMiner
    builtin-SwiftDriver -- /Applications/Xcode.app/Contents/Developer/Toolchains/XcodeDefault.xctoolchain/usr/bin/swiftc -module-name SwiftMiner -Onone @/Users/john/Library/Developer/Xcode/DerivedData/SwiftMiner-dlmelabdnmmurwbsnzolzjcwylqo/Build/Intermediates.noindex/SwiftMiner.build/Debug/SwiftMiner.build/Objects-normal/arm64/SwiftMiner.SwiftFileList -DDEBUG -enable-experimental-feature DebugDescriptionMacro -sdk /Applications/Xcode.app/Contents/Developer/Platforms/MacOSX.platform/Developer/SDKs/MacOSX26.5.sdk -target arm64-apple-macos26.0 -g -module-cache-path /Users/john/Library/Developer/Xcode/DerivedData/ModuleCache.noindex -Xfrontend -serialize-debugging-options -enable-testing -index-store-path /Users/john/Library/Developer/Xcode/DerivedData/SwiftMiner-dlmelabdnmmurwbsnzolzjcwylqo/Index.noindex/DataStore -Xcc -D_LIBCPP_HARDENING_MODE\=_LIBCPP_HARDENING_MODE_DEBUG -swift-version 6 -I /Users/john/Library/Developer/Xcode/DerivedData/SwiftMiner-dlmelabdnmmurwbsnzolzjcwylqo/Build/Products/Debug -F /Users/john/Library/Developer/Xcode/DerivedData/SwiftMiner-dlmelabdnmmurwbsnzolzjcwylqo/Build/Products/Debug/PackageFrameworks -F /Users/john/Library/Developer/Xcode/DerivedData/SwiftMiner-dlmelabdnmmurwbsnzolzjcwylqo/Build/Products/Debug/PackageFrameworks -F /Users/john/Library/Developer/Xcode/DerivedData/SwiftMiner-dlmelabdnmmurwbsnzolzjcwylqo/Build/Products/Debug/PackageFrameworks -F /Users/john/Library/Developer/Xcode/DerivedData/SwiftMiner-dlmelabdnmmurwbsnzolzjcwylqo/Build/Products/Debug/PackageFrameworks -F /Users/john/Library/Developer/Xcode/DerivedData/SwiftMiner-dlmelabdnmmurwbsnzolzjcwylqo/Build/Products/Debug/PackageFrameworks -F /Users/john/Library/Developer/Xcode/DerivedData/SwiftMiner-dlmelabdnmmurwbsnzolzjcwylqo/Build/Products/Debug -c -j10 -enable-batch-mode -incremental -Xcc -ivfsstatcache -Xcc /Users/john/Library/Developer/Xcode/DerivedData/SDKStatCaches.noindex/macosx26.5-25F70-e082c4a02f00227109f4ed75e425c832.sdkstatcache -output-file-map /Users/john/Library/Developer/Xcode/DerivedData/SwiftMiner-dlmelabdnmmurwbsnzolzjcwylqo/Build/Intermediates.noindex/SwiftMiner.build/Debug/SwiftMiner.build/Objects-normal/arm64/SwiftMiner-OutputFileMap.json -use-frontend-parseable-output -save-temps -no-color-diagnostics -explicit-module-build -module-cache-path /Users/john/Library/Developer/Xcode/DerivedData/SwiftMiner-dlmelabdnmmurwbsnzolzjcwylqo/Build/Intermediates.noindex/SwiftExplicitPrecompiledModules -clang-scanner-module-cache-path /Users/john/Library/Developer/Xcode/DerivedData/ModuleCache.noindex -sdk-module-cache-path /Users/john/Library/Developer/Xcode/DerivedData/ModuleCache.noindex -serialize-diagnostics -emit-dependencies -emit-module -emit-module-path /Users/john/Library/Developer/Xcode/DerivedData/SwiftMiner-dlmelabdnmmurwbsnzolzjcwylqo/Build/Intermediates.noindex/SwiftMiner.build/Debug/SwiftMiner.build/Objects-normal/arm64/SwiftMiner.swiftmodule -validate-clang-modules-once -clang-build-session-file /Users/john/Library/Developer/Xcode/DerivedData/ModuleCache.noindex/Session.modulevalidation -Xcc -I/Users/john/Library/Developer/Xcode/DerivedData/SwiftMiner-dlmelabdnmmurwbsnzolzjcwylqo/Build/Intermediates.noindex/SwiftMiner.build/Debug/SwiftMiner.build/swift-overrides.hmap -emit-const-values -Xfrontend -const-gather-protocols-file -Xfrontend /Users/john/Library/Developer/Xcode/DerivedData/SwiftMiner-dlmelabdnmmurwbsnzolzjcwylqo/Build/Intermediates.noindex/SwiftMiner.build/Debug/SwiftMiner.build/Objects-normal/arm64/SwiftMiner_const_extract_protocols.json -Xcc -iquote -Xcc /Users/john/Library/Developer/Xcode/DerivedData/SwiftMiner-dlmelabdnmmurwbsnzolzjcwylqo/Build/Intermediates.noindex/SwiftMiner.build/Debug/SwiftMiner.build/SwiftMiner-generated-files.hmap -Xcc -I/Users/john/Library/Developer/Xcode/DerivedData/SwiftMiner-dlmelabdnmmurwbsnzolzjcwylqo/Build/Intermediates.noindex/SwiftMiner.build/Debug/SwiftMiner.build/SwiftMiner-own-target-headers.hmap -Xcc -I/Users/john/Library/Developer/Xcode/DerivedData/SwiftMiner-dlmelabdnmmurwbsnzolzjcwylqo/Build/Intermediates.noindex/SwiftMiner.build/Debug/SwiftMiner.build/SwiftMiner-all-non-framework-target-headers.hmap -Xcc -ivfsoverlay -Xcc /Users/john/Library/Developer/Xcode/DerivedData/SwiftMiner-dlmelabdnmmurwbsnzolzjcwylqo/Build/Intermediates.noindex/SwiftMiner.build/Debug/SwiftMiner-2ecb8b2e35d7ca9f01208b0f51fa2f0f-VFS/all-product-headers.yaml -Xcc -iquote -Xcc /Users/john/Library/Developer/Xcode/DerivedData/SwiftMiner-dlmelabdnmmurwbsnzolzjcwylqo/Build/Intermediates.noindex/SwiftMiner.build/Debug/SwiftMiner.build/SwiftMiner-project-headers.hmap -Xcc -I/Users/john/Library/Developer/Xcode/DerivedData/SwiftMiner-dlmelabdnmmurwbsnzolzjcwylqo/Build/Products/Debug/include -Xcc -I/Users/john/Library/Developer/Xcode/DerivedData/SwiftMiner-dlmelabdnmmurwbsnzolzjcwylqo/Build/Intermediates.noindex/SwiftMiner.build/Debug/SwiftMiner.build/DerivedSources-normal/arm64 -Xcc -I/Users/john/Library/Developer/Xcode/DerivedData/SwiftMiner-dlmelabdnmmurwbsnzolzjcwylqo/Build/Intermediates.noindex/SwiftMiner.build/Debug/SwiftMiner.build/DerivedSources/arm64 -Xcc -I/Users/john/Library/Developer/Xcode/DerivedData/SwiftMiner-dlmelabdnmmurwbsnzolzjcwylqo/Build/Intermediates.noindex/SwiftMiner.build/Debug/SwiftMiner.build/DerivedSources -Xcc -DDEBUG\=1 -emit-objc-header -emit-objc-header-path /Users/john/Library/Developer/Xcode/DerivedData/SwiftMiner-dlmelabdnmmurwbsnzolzjcwylqo/Build/Intermediates.noindex/SwiftMiner.build/Debug/SwiftMiner.build/Objects-normal/arm64/SwiftMiner-Swift.h -working-directory /Users/john/Documents/GitHub/SwiftMiner -experimental-emit-module-separately -disable-cmo

ProcessInfoPlistFile /Users/john/Library/Developer/Xcode/DerivedData/SwiftMiner-dlmelabdnmmurwbsnzolzjcwylqo/Build/Products/Debug/SwiftMiner.app/Contents/Info.plist /Users/john/Documents/GitHub/SwiftMiner/Sources/SwiftMiner/Info.plist (in target 'SwiftMiner' from project 'SwiftMiner')
    cd /Users/john/Documents/GitHub/SwiftMiner
    builtin-infoPlistUtility /Users/john/Documents/GitHub/SwiftMiner/Sources/SwiftMiner/Info.plist -producttype com.apple.product-type.application -genpkginfo /Users/john/Library/Developer/Xcode/DerivedData/SwiftMiner-dlmelabdnmmurwbsnzolzjcwylqo/Build/Products/Debug/SwiftMiner.app/Contents/PkgInfo -expandbuildsettings -platform macosx -additionalcontentfile /Users/john/Library/Developer/Xcode/DerivedData/SwiftMiner-dlmelabdnmmurwbsnzolzjcwylqo/Build/Intermediates.noindex/SwiftMiner.build/Debug/SwiftMiner.build/assetcatalog_generated_info.plist -scanforprivacyfile /Users/john/Library/Developer/Xcode/DerivedData/SwiftMiner-dlmelabdnmmurwbsnzolzjcwylqo/Build/Products/Debug/SwiftMiner.app/Contents/Frameworks/Sparkle.framework -o /Users/john/Library/Developer/Xcode/DerivedData/SwiftMiner-dlmelabdnmmurwbsnzolzjcwylqo/Build/Products/Debug/SwiftMiner.app/Contents/Info.plist

SwiftCompile normal arm64 Compiling\ CampaignViews.swift /Users/john/Documents/GitHub/SwiftMiner/Sources/SwiftMiner/CampaignViews.swift (in target 'SwiftMiner' from project 'SwiftMiner')

SwiftCompile normal arm64 /Users/john/Documents/GitHub/SwiftMiner/Sources/SwiftMiner/CampaignViews.swift (in target 'SwiftMiner' from project 'SwiftMiner')
    cd /Users/john/Documents/GitHub/SwiftMiner
    
/Users/john/Documents/GitHub/SwiftMiner/Sources/SwiftMiner/CampaignViews.swift:313:37: error: 'highResolutionArtworkURL' is inaccessible due to 'fileprivate' protection level
        if let url = imageURLToUse?.highResolutionArtworkURL {
                                    ^~~~~~~~~~~~~~~~~~~~~~~~
/Users/john/Documents/GitHub/SwiftMiner/Sources/SwiftMiner/CampaignView.swift:2743:9: note: 'highResolutionArtworkURL' declared here
    var highResolutionArtworkURL: URL {
        ^

Failed frontend command:
/Applications/Xcode.app/Contents/Developer/Toolchains/XcodeDefault.xctoolchain/usr/bin/swift-frontend -frontend -c /Users/john/Documents/GitHub/SwiftMiner/Sources/SwiftMiner/AdminView.swift /Users/john/Documents/GitHub/SwiftMiner/Sources/SwiftMiner/AppModel.swift /Users/john/Documents/GitHub/SwiftMiner/Sources/SwiftMiner/AppUpdater.swift /Users/john/Documents/GitHub/SwiftMiner/Sources/SwiftMiner/AuthRequiredSheet.swift /Users/john/Documents/GitHub/SwiftMiner/Sources/SwiftMiner/CampaignView.swift -primary-file /Users/john/Documents/GitHub/SwiftMiner/Sources/SwiftMiner/CampaignViews.swift /Users/john/Documents/GitHub/SwiftMiner/Sources/SwiftMiner/ContentView.swift /Users/john/Documents/GitHub/SwiftMiner/Sources/SwiftMiner/DropFilter.swift /Users/john/Documents/GitHub/SwiftMiner/Sources/SwiftMiner/EventLogView.swift /Users/john/Documents/GitHub/SwiftMiner/Sources/SwiftMiner/GamePreferenceComponents.swift /Users/john/Documents/GitHub/SwiftMiner/Sources/SwiftMiner/GamePreferenceManagementView.swift /Users/john/Documents/GitHub/SwiftMiner/Sources/SwiftMiner/GitHubIssueReporter.swift /Users/john/Documents/GitHub/SwiftMiner/Sources/SwiftMiner/LiquidGlass.swift /Users/john/Documents/GitHub/SwiftMiner/Sources/SwiftMiner/LogExporter.swift /Users/john/Documents/GitHub/SwiftMiner/Sources/SwiftMiner/LogRedactor.swift /Users/john/Documents/GitHub/SwiftMiner/Sources/SwiftMiner/MinerApp.swift /Users/john/Documents/GitHub/SwiftMiner/Sources/SwiftMiner/MinerAttention.swift /Users/john/Documents/GitHub/SwiftMiner/Sources/SwiftMiner/MinerDetailView.swift /Users/john/Documents/GitHub/SwiftMiner/Sources/SwiftMiner/MinerHealthCard.swift /Users/john/Documents/GitHub/SwiftMiner/Sources/SwiftMiner/MinerLoginService.swift /Users/john/Documents/GitHub/SwiftMiner/Sources/SwiftMiner/MinerOverviewView.swift /Users/john/Documents/GitHub/SwiftMiner/Sources/SwiftMiner/MinerStateCard.swift /Users/john/Documents/GitHub/SwiftMiner/Sources/SwiftMiner/MinerTableView.swift /Users/john/Documents/GitHub/SwiftMiner/Sources/SwiftMiner/MinerTips.swift /Users/john/Documents/GitHub/SwiftMiner/Sources/SwiftMiner/MinersOverviewView.swift /Users/john/Documents/GitHub/SwiftMiner/Sources/SwiftMiner/NavigationModel.swift /Users/john/Documents/GitHub/SwiftMiner/Sources/SwiftMiner/Settings.swift /Users/john/Documents/GitHub/SwiftMiner/Sources/SwiftMiner/SettingsView.swift /Users/john/Documents/GitHub/SwiftMiner/Sources/SwiftMiner/SidebarView.swift /Users/john/Documents/GitHub/SwiftMiner/Sources/SwiftMiner/TDMCookieParser.swift /Users/john/Library/Developer/Xcode/DerivedData/SwiftMiner-dlmelabdnmmurwbsnzolzjcwylqo/Build/Intermediates.noindex/SwiftMiner.build/Debug/SwiftMiner.build/DerivedSources/GeneratedAssetSymbols.swift -emit-dependencies-path /Users/john/Library/Developer/Xcode/DerivedData/SwiftMiner-dlmelabdnmmurwbsnzolzjcwylqo/Build/Intermediates.noindex/SwiftMiner.build/Debug/SwiftMiner.build/Objects-normal/arm64/CampaignViews.d -emit-const-values-path /Users/john/Library/Developer/Xcode/DerivedData/SwiftMiner-dlmelabdnmmurwbsnzolzjcwylqo/Build/Intermediates.noindex/SwiftMiner.build/Debug/SwiftMiner.build/Objects-normal/arm64/CampaignViews.swiftconstvalues -emit-reference-dependencies-path /Users/john/Library/Developer/Xcode/DerivedData/SwiftMiner-dlmelabdnmmurwbsnzolzjcwylqo/Build/Intermediates.noindex/SwiftMiner.build/Debug/SwiftMiner.build/Objects-normal/arm64/CampaignViews.swiftdeps -serialize-diagnostics-path /Users/john/Library/Developer/Xcode/DerivedData/SwiftMiner-dlmelabdnmmurwbsnzolzjcwylqo/Build/Intermediates.noindex/SwiftMiner.build/Debug/SwiftMiner.build/Objects-normal/arm64/CampaignViews.dia -target arm64-apple-macos26.0 -module-can-import-version AppKit 2685.60.104 2685.60.104 -module-can-import-version DeveloperToolsSupport 23.40.26 23.40.26 -module-can-import Sparkle -disable-cross-import-overlay-search -swift-module-cross-import WebKit /Applications/Xcode.app/Contents/Developer/Platforms/MacOSX.platform/Developer/SDKs/MacOSX.sdk/System/Cryptexes/OS/System/Library/Frameworks/WebKit.framework/Modules/WebKit.swiftcrossimport/SwiftUI.swiftoverlay -swift-module-cross-import WebKit /Applications/Xcode.app/Contents/Developer/Platforms/MacOSX.platform/Developer/SDKs/MacOSX26.5.sdk/System/Library/Frameworks/WebKit.framework/Modules/WebKit.swiftcrossimport/SwiftUI.swiftoverlay -load-resolved-plugin /Applications/Xcode.app/Contents/Developer/Platforms/MacOSX.platform/Developer/usr/lib/swift/host/plugins/libFoundationMacros.dylib\#/Applications/Xcode.app/Contents/Developer/Platforms/MacOSX.platform/Developer/usr/bin/swift-plugin-server\#FoundationMacros -load-resolved-plugin /Applications/Xcode.app/Contents/Developer/Platforms/MacOSX.platform/Developer/usr/lib/swift/host/plugins/libObservationMacros.dylib\#/Applications/Xcode.app/Contents/Developer/Platforms/MacOSX.platform/Developer/usr/bin/swift-plugin-server\#ObservationMacros -load-resolved-plugin /Applications/Xcode.app/Contents/Developer/Platforms/MacOSX.platform/Developer/usr/lib/swift/host/plugins/libPreviewsMacros.dylib\#/Applications/Xcode.app/Contents/Developer/Platforms/MacOSX.platform/Developer/usr/bin/swift-plugin-server\#PreviewsMacros -load-resolved-plugin /Applications/Xcode.app/Contents/Developer/Platforms/MacOSX.platform/Developer/usr/lib/swift/host/plugins/libSwiftMacros.dylib\#/Applications/Xcode.app/Contents/Developer/Platforms/MacOSX.platform/Developer/usr/bin/swift-plugin-server\#SwiftMacros -load-resolved-plugin /Applications/Xcode.app/Contents/Developer/Platforms/MacOSX.platform/Developer/usr/lib/swift/host/plugins/libSwiftUIMacros.dylib\#/Applications/Xcode.app/Contents/Developer/Platforms/MacOSX.platform/Developer/usr/bin/swift-plugin-server\#SwiftUIMacros -load-resolved-plugin /Applications/Xcode.app/Contents/Developer/Platforms/MacOSX.platform/Developer/usr/lib/swift/host/plugins/libTipKitMacros.dylib\#/Applications/Xcode.app/Contents/Developer/Platforms/MacOSX.platform/Developer/usr/bin/swift-plugin-server\#TipKitMacros -disable-implicit-swift-modules -Xcc -fno-implicit-modules -Xcc -fno-implicit-module-maps -explicit-swift-module-map-file /Users/john/Library/Developer/Xcode/DerivedData/SwiftMiner-dlmelabdnmmurwbsnzolzjcwylqo/Build/Intermediates.noindex/SwiftMiner.build/Debug/SwiftMiner.build/Objects-normal/arm64/SwiftMiner-dependencies-1.json -debug-module-path /Users/john/Library/Developer/Xcode/DerivedData/SwiftMiner-dlmelabdnmmurwbsnzolzjcwylqo/Build/Intermediates.noindex/SwiftMiner.build/Debug/SwiftMiner.build/Objects-normal/arm64/SwiftMiner.swiftmodule -Xllvm -aarch64-use-tbi -enable-objc-interop -stack-check -sdk /Applications/Xcode.app/Contents/Developer/Platforms/MacOSX.platform/Developer/SDKs/MacOSX26.5.sdk -I /Users/john/Library/Developer/Xcode/DerivedData/SwiftMiner-dlmelabdnmmurwbsnzolzjcwylqo/Build/Products/Debug -F /Users/john/Library/Developer/Xcode/DerivedData/SwiftMiner-dlmelabdnmmurwbsnzolzjcwylqo/Build/Products/Debug/PackageFrameworks -F /Users/john/Library/Developer/Xcode/DerivedData/SwiftMiner-dlmelabdnmmurwbsnzolzjcwylqo/Build/Products/Debug/PackageFrameworks -F /Users/john/Library/Developer/Xcode/DerivedData/SwiftMiner-dlmelabdnmmurwbsnzolzjcwylqo/Build/Products/Debug/PackageFrameworks -F /Users/john/Library/Developer/Xcode/DerivedData/SwiftMiner-dlmelabdnmmurwbsnzolzjcwylqo/Build/Products/Debug/PackageFrameworks -F /Users/john/Library/Developer/Xcode/DerivedData/SwiftMiner-dlmelabdnmmurwbsnzolzjcwylqo/Build/Products/Debug/PackageFrameworks -F /Users/john/Library/Developer/Xcode/DerivedData/SwiftMiner-dlmelabdnmmurwbsnzolzjcwylqo/Build/Products/Debug -no-color-diagnostics -Xcc -fno-color-diagnostics -enable-testing -g -debug-info-format\=dwarf -dwarf-version\=5 -module-cache-path /Users/john/Library/Developer/Xcode/DerivedData/SwiftMiner-dlmelabdnmmurwbsnzolzjcwylqo/Build/Intermediates.noindex/SwiftExplicitPrecompiledModules -swift-version 6 -Onone -D DEBUG -serialize-debugging-options -const-gather-protocols-file /Users/john/Library/Developer/Xcode/DerivedData/SwiftMiner-dlmelabdnmmurwbsnzolzjcwylqo/Build/Intermediates.noindex/SwiftMiner.build/Debug/SwiftMiner.build/Objects-normal/arm64/SwiftMiner_const_extract_protocols.json -enable-experimental-feature DebugDescriptionMacro -empty-abi-descriptor -validate-clang-modules-once -clang-build-session-file /Users/john/Library/Developer/Xcode/DerivedData/ModuleCache.noindex/Session.modulevalidation -Xcc -working-directory -Xcc /Users/john/Documents/GitHub/SwiftMiner -enable-anonymous-context-mangled-names -file-compilation-dir /Users/john/Documents/GitHub/SwiftMiner -Xcc -D_LIBCPP_HARDENING_MODE\=_LIBCPP_HARDENING_MODE_DEBUG -Xcc -ivfsstatcache -Xcc /Users/john/Library/Developer/Xcode/DerivedData/SDKStatCaches.noindex/macosx26.5-25F70-e082c4a02f00227109f4ed75e425c832.sdkstatcache -Xcc -I/Users/john/Library/Developer/Xcode/DerivedData/SwiftMiner-dlmelabdnmmurwbsnzolzjcwylqo/Build/Intermediates.noindex/SwiftMiner.build/Debug/SwiftMiner.build/swift-overrides.hmap -Xcc -iquote -Xcc /Users/john/Library/Developer/Xcode/DerivedData/SwiftMiner-dlmelabdnmmurwbsnzolzjcwylqo/Build/Intermediates.noindex/SwiftMiner.build/Debug/SwiftMiner.build/SwiftMiner-generated-files.hmap -Xcc -I/Users/john/Library/Developer/Xcode/DerivedData/SwiftMiner-dlmelabdnmmurwbsnzolzjcwylqo/Build/Intermediates.noindex/SwiftMiner.build/Debug/SwiftMiner.build/SwiftMiner-own-target-headers.hmap -Xcc -I/Users/john/Library/Developer/Xcode/DerivedData/SwiftMiner-dlmelabdnmmurwbsnzolzjcwylqo/Build/Intermediates.noindex/SwiftMiner.build/Debug/SwiftMiner.build/SwiftMiner-all-non-framework-target-headers.hmap -Xcc -ivfsoverlay -Xcc /Users/john/Library/Developer/Xcode/DerivedData/SwiftMiner-dlmelabdnmmurwbsnzolzjcwylqo/Build/Intermediates.noindex/SwiftMiner.build/Debug/SwiftMiner-2ecb8b2e35d7ca9f01208b0f51fa2f0f-VFS/all-product-headers.yaml -Xcc -iquote -Xcc /Users/john/Library/Developer/Xcode/DerivedData/SwiftMiner-dlmelabdnmmurwbsnzolzjcwylqo/Build/Intermediates.noindex/SwiftMiner.build/Debug/SwiftMiner.build/SwiftMiner-project-headers.hmap -Xcc -I/Users/john/Library/Developer/Xcode/DerivedData/SwiftMiner-dlmelabdnmmurwbsnzolzjcwylqo/Build/Products/Debug/include -Xcc -I/Users/john/Library/Developer/Xcode/DerivedData/SwiftMiner-dlmelabdnmmurwbsnzolzjcwylqo/Build/Intermediates.noindex/SwiftMiner.build/Debug/SwiftMiner.build/DerivedSources-normal/arm64 -Xcc -I/Users/john/Library/Developer/Xcode/DerivedData/SwiftMiner-dlmelabdnmmurwbsnzolzjcwylqo/Build/Intermediates.noindex/SwiftMiner.build/Debug/SwiftMiner.build/DerivedSources/arm64 -Xcc -I/Users/john/Library/Developer/Xcode/DerivedData/SwiftMiner-dlmelabdnmmurwbsnzolzjcwylqo/Build/Intermediates.noindex/SwiftMiner.build/Debug/SwiftMiner.build/DerivedSources -Xcc -DDEBUG\=1 -no-auto-bridging-header-chaining -module-name SwiftMiner -frontend-parseable-output -disable-clang-spi -clang-target arm64-apple-macos26.5 -target-sdk-version 26.5 -target-sdk-name macosx26.5 -in-process-plugin-server-path /Applications/Xcode.app/Contents/Developer/Toolchains/XcodeDefault.xctoolchain/usr/lib/swift/host/libSwiftInProcPluginServer.dylib -o /Users/john/Library/Developer/Xcode/DerivedData/SwiftMiner-dlmelabdnmmurwbsnzolzjcwylqo/Build/Intermediates.noindex/SwiftMiner.build/Debug/SwiftMiner.build/Objects-normal/arm64/CampaignViews.o -index-unit-output-path /SwiftMiner.build/Debug/SwiftMiner.build/Objects-normal/arm64/CampaignViews.o -index-store-path /Users/john/Library/Developer/Xcode/DerivedData/SwiftMiner-dlmelabdnmmurwbsnzolzjcwylqo/Index.noindex/DataStore -index-system-modules
SwiftEmitModule normal arm64 Emitting\ module\ for\ SwiftMiner (in target 'SwiftMiner' from project 'SwiftMiner')
EmitSwiftModule normal arm64 (in target 'SwiftMiner' from project 'SwiftMiner')
    cd /Users/john/Documents/GitHub/SwiftMiner
    

SwiftCompile normal arm64 Compiling\ CampaignView.swift /Users/john/Documents/GitHub/SwiftMiner/Sources/SwiftMiner/CampaignView.swift (in target 'SwiftMiner' from project 'SwiftMiner')

SwiftCompile normal arm64 /Users/john/Documents/GitHub/SwiftMiner/Sources/SwiftMiner/CampaignView.swift (in target 'SwiftMiner' from project 'SwiftMiner')
    cd /Users/john/Documents/GitHub/SwiftMiner
    

** BUILD FAILED **


The following build commands failed:
	SwiftCompile normal arm64 /Users/john/Documents/GitHub/SwiftMiner/Sources/SwiftMiner/CampaignViews.swift (in target 'SwiftMiner' from project 'SwiftMiner')
	SwiftCompile normal arm64 Compiling\ CampaignViews.swift /Users/john/Documents/GitHub/SwiftMiner/Sources/SwiftMiner/CampaignViews.swift (in target 'SwiftMiner' from project 'SwiftMiner')
	Building project SwiftMiner with scheme SwiftMiner and configuration Debug
(3 failures)
